<?php return array (
  0 => 'Symfony\\Bundle\\FrameworkBundle\\Controller\\AbstractController',
  1 => 'App\\Controller\\AboutController',
  2 => 'App\\Controller\\Admin\\CategoryCrudController',
  3 => 'App\\Controller\\Admin\\CompanyCrudController',
  4 => 'App\\Controller\\Admin\\DashboardController',
  5 => 'App\\Controller\\Admin\\MailerCrudController',
  6 => 'App\\Controller\\Admin\\OfferCrudController',
  7 => 'App\\Controller\\Admin\\ProfilCrudController',
  8 => 'App\\Controller\\Admin\\UserCrudController',
  9 => 'App\\Controller\\CompanyController',
  10 => 'App\\Controller\\ContactController',
  11 => 'App\\Controller\\FaqController',
  12 => 'App\\Controller\\HomeController',
  13 => 'App\\Controller\\MentionController',
  14 => 'App\\Controller\\OfferController',
  15 => 'App\\Controller\\PolitiqueController',
  16 => 'App\\Controller\\ProfilCompanyController',
  17 => 'App\\Controller\\ProfilController',
  18 => 'App\\Controller\\ProfileController',
  19 => 'App\\Controller\\RegistrationController',
  20 => 'App\\Controller\\ResetPasswordController',
  21 => 'App\\Controller\\SecurityController',
  22 => 'App\\Entity\\Category',
  23 => 'App\\Entity\\Company',
  24 => 'App\\Entity\\Mailer',
  25 => 'App\\Entity\\Offer',
  26 => 'App\\Entity\\Profil',
  27 => 'App\\Entity\\ResetPasswordRequest',
  28 => 'App\\Entity\\Subject',
  29 => 'App\\Entity\\User',
  30 => 'Doctrine\\Bundle\\DoctrineBundle\\Controller\\ProfilerController',
  31 => 'Doctrine\\ORM\\Cache\\Persister\\Entity\\AbstractEntityPersister',
  32 => 'Doctrine\\ORM\\Cache\\Persister\\Entity\\CachedEntityPersister',
  33 => 'Doctrine\\ORM\\Cache\\Persister\\Entity\\NonStrictReadWriteCachedEntityPersister',
  34 => 'Doctrine\\ORM\\Cache\\Persister\\Entity\\ReadOnlyCachedEntityPersister',
  35 => 'Doctrine\\ORM\\Cache\\Persister\\Entity\\ReadWriteCachedEntityPersister',
  36 => 'Doctrine\\ORM\\Persisters\\Entity\\AbstractEntityInheritancePersister',
  37 => 'Doctrine\\ORM\\Persisters\\Entity\\BasicEntityPersister',
  38 => 'Doctrine\\ORM\\Persisters\\Entity\\CachedPersisterContext',
  39 => 'Doctrine\\ORM\\Persisters\\Entity\\EntityPersister',
  40 => 'Doctrine\\ORM\\Persisters\\Entity\\JoinedSubclassPersister',
  41 => 'Doctrine\\ORM\\Persisters\\Entity\\SingleTablePersister',
  42 => 'EasyCorp\\Bundle\\EasyAdminBundle\\Contracts\\Controller\\CrudControllerInterface',
  43 => 'EasyCorp\\Bundle\\EasyAdminBundle\\Contracts\\Controller\\DashboardControllerInterface',
  44 => 'EasyCorp\\Bundle\\EasyAdminBundle\\Controller\\AbstractCrudController',
  45 => 'EasyCorp\\Bundle\\EasyAdminBundle\\Controller\\AbstractDashboardController',
  46 => 'SymfonyCasts\\Bundle\\ResetPassword\\Controller\\ResetPasswordControllerTrait',
  48 => 'Symfony\\Bundle\\FrameworkBundle\\Controller\\ControllerResolver',
  49 => 'Symfony\\Bundle\\FrameworkBundle\\Controller\\RedirectController',
  50 => 'Symfony\\Bundle\\FrameworkBundle\\Controller\\TemplateController',
  51 => 'Symfony\\Bundle\\WebProfilerBundle\\Controller\\ExceptionPanelController',
  52 => 'Symfony\\Bundle\\WebProfilerBundle\\Controller\\ProfilerController',
  53 => 'Symfony\\Bundle\\WebProfilerBundle\\Controller\\RouterController',
  54 => 'Symfony\\Component\\HttpKernel\\Controller\\ArgumentResolver',
  55 => 'Symfony\\Component\\HttpKernel\\Controller\\ArgumentResolverInterface',
  56 => 'Symfony\\Component\\HttpKernel\\Controller\\ArgumentResolver\\BackedEnumValueResolver',
  57 => 'Symfony\\Component\\HttpKernel\\Controller\\ArgumentResolver\\DateTimeValueResolver',
  58 => 'Symfony\\Component\\HttpKernel\\Controller\\ArgumentResolver\\DefaultValueResolver',
  59 => 'Symfony\\Component\\HttpKernel\\Controller\\ArgumentResolver\\NotTaggedControllerValueResolver',
  60 => 'Symfony\\Component\\HttpKernel\\Controller\\ArgumentResolver\\RequestAttributeValueResolver',
  61 => 'Symfony\\Component\\HttpKernel\\Controller\\ArgumentResolver\\RequestValueResolver',
  62 => 'Symfony\\Component\\HttpKernel\\Controller\\ArgumentResolver\\ServiceValueResolver',
  63 => 'Symfony\\Component\\HttpKernel\\Controller\\ArgumentResolver\\SessionValueResolver',
  64 => 'Symfony\\Component\\HttpKernel\\Controller\\ArgumentResolver\\TraceableValueResolver',
  65 => 'Symfony\\Component\\HttpKernel\\Controller\\ArgumentResolver\\UidValueResolver',
  66 => 'Symfony\\Component\\HttpKernel\\Controller\\ArgumentResolver\\VariadicValueResolver',
  67 => 'Symfony\\Component\\HttpKernel\\Controller\\ArgumentValueResolverInterface',
  68 => 'Symfony\\Component\\HttpKernel\\Controller\\ContainerControllerResolver',
  69 => 'Symfony\\Component\\HttpKernel\\Controller\\ControllerReference',
  70 => 'Symfony\\Component\\HttpKernel\\Controller\\ControllerResolver',
  71 => 'Symfony\\Component\\HttpKernel\\Controller\\ControllerResolverInterface',
  72 => 'Symfony\\Component\\HttpKernel\\Controller\\ErrorController',
  73 => 'Symfony\\Component\\HttpKernel\\Controller\\TraceableArgumentResolver',
  74 => 'Symfony\\Component\\HttpKernel\\Controller\\TraceableControllerResolver',
  75 => 'Symfony\\Component\\HttpKernel\\Controller\\ValueResolverInterface',
  76 => 'Symfony\\Component\\Security\\Http\\Controller\\UserValueResolver',
  77 => 'Vich\\UploaderBundle\\Entity\\File',
);